// Jest Snapshot v1, https://goo.gl/fbAQLP

exports[`Pruebas en DeleteEventFav Debe de mostrarse correctamente 1`] = `ReactWrapper {}`;
