// Jest Snapshot v1, https://goo.gl/fbAQLP

exports[`Pruebas en CalendarScreen Debe de mostrarse correctamente 1`] = `ReactWrapper {}`;
