// Jest Snapshot v1, https://goo.gl/fbAQLP

exports[`Pruebas en LoginScreen Debe mostrarse correctamente 1`] = `ReactWrapper {}`;
